../Core/Src/4G_MQTT.c:14:17:millis	8	static
../Core/Src/4G_MQTT.c:17:13:delay_ms	16	static
../Core/Src/4G_MQTT.c:21:13:dbg	272	static
../Core/Src/4G_MQTT.c:31:13:uart2_send	16	static
../Core/Src/4G_MQTT.c:36:13:uart2_sendLine	24	static
../Core/Src/4G_MQTT.c:45:12:uart2_readUntil	40	static
../Core/Src/4G_MQTT.c:60:13:waitForOK	288	static
../Core/Src/4G_MQTT.c:78:13:sendAT	16	static
../Core/Src/4G_MQTT.c:84:12:sendATwait	152	static
../Core/Src/4G_MQTT.c:96:13:mqtt_start	160	static
../Core/Src/4G_MQTT.c:109:13:init_network	72	static
../Core/Src/4G_MQTT.c:124:13:mqttPublish	88	static
../Core/Src/4G_MQTT.c:147:6:A7640_Init	8	static
../Core/Src/4G_MQTT.c:153:6:A7640_Publish	120	static
