../Core/Src/4G_MQTT.c:15:17:millis	8	static
../Core/Src/4G_MQTT.c:16:13:delay_ms	16	static
../Core/Src/4G_MQTT.c:18:13:dbg	272	static
../Core/Src/4G_MQTT.c:28:13:uart2_send	16	static
../Core/Src/4G_MQTT.c:33:13:uart2_sendLine	24	static
../Core/Src/4G_MQTT.c:42:12:uart2_readUntil	40	static
../Core/Src/4G_MQTT.c:57:13:waitForOK	288	static
../Core/Src/4G_MQTT.c:75:13:sendAT	16	static
../Core/Src/4G_MQTT.c:81:12:sendATwait	152	static
../Core/Src/4G_MQTT.c:93:13:mqtt_start	160	static
../Core/Src/4G_MQTT.c:106:13:init_network	72	static
../Core/Src/4G_MQTT.c:121:13:mqttPublish	88	static
../Core/Src/4G_MQTT.c:144:6:A7640_Init	8	static
../Core/Src/4G_MQTT.c:150:6:A7640_Publish	120	static
