../Core/Src/zigbee_e18.c:7:16:E18_CalculateChecksum	24	static
../Core/Src/zigbee_e18.c:16:13:E18_FlushUART	16	static
../Core/Src/zigbee_e18.c:23:13:E18_SendCommand	160	static
../Core/Src/zigbee_e18.c:50:13:E18_WaitHeaderOnly	24	static
../Core/Src/zigbee_e18.c:66:6:E18_Init_UART	16	static
../Core/Src/zigbee_e18.c:70:6:E18_SwitchToHexMode	8	static
../Core/Src/zigbee_e18.c:81:6:E18_ResetModule	24	static
../Core/Src/zigbee_e18.c:92:6:E18_SetNodeType	16	static
../Core/Src/zigbee_e18.c:97:6:E18_SetPANID	24	static
../Core/Src/zigbee_e18.c:105:6:E18_SetChannel	24	static
../Core/Src/zigbee_e18.c:116:6:E18_GetStatus	8	static
../Core/Src/zigbee_e18.c:121:6:E18_StartNetwork	16	static
../Core/Src/zigbee_e18.c:128:6:E18_SwitchToTransparentMode	16	static
../Core/Src/zigbee_e18.c:140:6:E18_Init	24	static
