../Core/Src/zigbee_e18.c:6:16:E18_CalculateChecksum	24	static
../Core/Src/zigbee_e18.c:15:13:E18_FlushUART	16	static
../Core/Src/zigbee_e18.c:22:13:E18_SendCommand	160	static
../Core/Src/zigbee_e18.c:44:13:E18_WaitHeaderOnly	24	static
../Core/Src/zigbee_e18.c:60:6:E18_Init_UART	16	static
../Core/Src/zigbee_e18.c:64:6:E18_SwitchToHexMode	8	static
../Core/Src/zigbee_e18.c:75:6:E18_ResetModule	24	static
../Core/Src/zigbee_e18.c:85:6:E18_SetNodeType	16	static
../Core/Src/zigbee_e18.c:90:6:E18_SetPANID	24	static
../Core/Src/zigbee_e18.c:98:6:E18_SetChannel	24	static
../Core/Src/zigbee_e18.c:109:6:E18_GetStatus	8	static
../Core/Src/zigbee_e18.c:114:6:E18_StartNetwork	16	static
../Core/Src/zigbee_e18.c:121:6:E18_SwitchToTransparentMode	16	static
../Core/Src/zigbee_e18.c:130:6:E18_Init	24	static
